Build, sign, notarize, and verify	Run repository regression gate	2026-10-04T03:21:02.5936340Z Test Suite 'DistributionModelsTests' started at 2026-10-03 23:21:02.572.
Build, sign, notarize, and verify	Run repository regression gate	2026-10-04T03:21:02.5936720Z Test Case '-[HostwrightDistributionTests.DistributionModelsTests testArtifactSchemaOnePreservesPublishedPhaseTwoLayout]' started.
Build, sign, notarize, and verify	Run repository regression gate	2026-10-04T03:21:02.5937270Z Test Case '-[HostwrightDistributionTests.DistributionModelsTests testArtifactSchemaOnePreservesPublishedPhaseTwoLayout]' passed (0.001 seconds).
Build, sign, notarize, and verify	Run repository regression gate	2026-10-04T03:21:02.5937860Z Test Case '-[HostwrightDistributionTests.DistributionModelsTests testArtifactSchemaTwoPreservesPreDesktopReleaseLayout]' started.
Build, sign, notarize, and verify	Run repository regression gate	2026-10-04T03:21:02.5938420Z Test Case '-[HostwrightDistributionTests.DistributionModelsTests testArtifactSchemaTwoPreservesPreDesktopReleaseLayout]' passed (0.000 seconds).
Build, sign, notarize, and verify	Run repository regression gate	2026-10-04T03:21:02.5939000Z Test Case '-[HostwrightDistributionTests.DistributionModelsTests testDistributionJSONRejectsUnknownAndNoncanonicalFields]' started.
Build, sign, notarize, and verify	Run repository regression gate	2026-10-04T03:21:02.5939570Z Test Case '-[HostwrightDistributionTests.DistributionModelsTests testDistributionJSONRejectsUnknownAndNoncanonicalFields]' passed (0.001 seconds).
Build, sign, notarize, and verify	Run repository regression gate	2026-10-04T03:21:02.5940120Z Test Case '-[HostwrightDistributionTests.DistributionModelsTests testGeneratedVersionPairsPreserveStrictTransitionProperties]' started.
Build, sign, notarize, and verify	Run repository regression gate	2026-10-04T03:21:02.5940700Z Test Case '-[HostwrightDistributionTests.DistributionModelsTests testGeneratedVersionPairsPreserveStrictTransitionProperties]' passed (0.001 seconds).
Build, sign, notarize, and verify	Run repository regression gate	2026-10-04T03:21:02.5941280Z Test Case '-[HostwrightDistributionTests.DistributionModelsTests testInstallationStatusAcceptsPublishedDev12NestedSchemaTwoManifest]' started.
Build, sign, notarize, and verify	Run repository regression gate	2026-10-04T03:21:02.5941890Z Test Case '-[HostwrightDistributionTests.DistributionModelsTests testInstallationStatusAcceptsPublishedDev12NestedSchemaTwoManifest]' passed (0.002 seconds).
Build, sign, notarize, and verify	Run repository regression gate	2026-10-04T03:21:02.5942520Z Test Case '-[HostwrightDistributionTests.DistributionModelsTests testInstallManifestAcceptsActualPublishedDev12SchemaTwo]' started.
Build, sign, notarize, and verify	Run repository regression gate	2026-10-04T03:21:02.5943040Z Test Case '-[HostwrightDistributionTests.DistributionModelsTests testInstallManifestAcceptsActualPublishedDev12SchemaTwo]' passed (0.000 seconds).
Build, sign, notarize, and verify	Run repository regression gate	2026-10-04T03:21:02.5943650Z Test Case '-[HostwrightDistributionTests.DistributionModelsTests testInstallManifestPreservesPriorShippedLayoutAndEmitsCurrentLayout]' started.
Build, sign, notarize, and verify	Run repository regression gate	2026-10-04T03:21:02.5944250Z Test Case '-[HostwrightDistributionTests.DistributionModelsTests testInstallManifestPreservesPriorShippedLayoutAndEmitsCurrentLayout]' passed (0.001 seconds).
Build, sign, notarize, and verify	Run repository regression gate	2026-10-04T03:21:02.5944800Z Test Case '-[HostwrightDistributionTests.DistributionModelsTests testManifestRequiresExactSafePayloadLayout]' started.
Build, sign, notarize, and verify	Run repository regression gate	2026-10-04T03:21:02.5945300Z Test Case '-[HostwrightDistributionTests.DistributionModelsTests testManifestRequiresExactSafePayloadLayout]' passed (0.001 seconds).
Build, sign, notarize, and verify	Run repository regression gate	2026-10-04T03:21:02.5945840Z Test Case '-[HostwrightDistributionTests.DistributionModelsTests testPathPolicyRejectsAbsoluteTraversalControlAndNestedFileNames]' started.
Build, sign, notarize, and verify	Run repository regression gate	2026-10-04T03:21:02.5946500Z Test Case '-[HostwrightDistributionTests.DistributionModelsTests testPathPolicyRejectsAbsoluteTraversalControlAndNestedFileNames]' passed (0.000 seconds).
Build, sign, notarize, and verify	Run repository regression gate	2026-10-04T03:21:02.5947110Z Test Case '-[HostwrightDistributionTests.DistributionModelsTests testPostCommitCleanupReportsPendingWithoutTurningCommittedMutationIntoFailure]' started.
Build, sign, notarize, and verify	Run repository regression gate	2026-10-04T03:21:02.5947790Z Test Case '-[HostwrightDistributionTests.DistributionModelsTests testPostCommitCleanupReportsPendingWithoutTurningCommittedMutationIntoFailure]' passed (0.000 seconds).
Build, sign, notarize, and verify	Run repository regression gate	2026-10-04T03:21:02.5948420Z Test Case '-[HostwrightDistributionTests.DistributionModelsTests testPublishedDev12InstallManifestRejectsModifiedLayoutsAndMetadata]' started.
Build, sign, notarize, and verify	Run repository regression gate	2026-10-04T03:21:02.5949030Z Test Case '-[HostwrightDistributionTests.DistributionModelsTests testPublishedDev12InstallManifestRejectsModifiedLayoutsAndMetadata]' passed (0.001 seconds).
Build, sign, notarize, and verify	Run repository regression gate	2026-10-04T03:21:02.5949670Z Test Case '-[HostwrightDistributionTests.DistributionModelsTests testSemanticVersionOrderingAndLifecycleTransitionPolicyFailClosed]' started.
Build, sign, notarize, and verify	Run repository regression gate	2026-10-04T03:21:02.5950270Z Test Case '-[HostwrightDistributionTests.DistributionModelsTests testSemanticVersionOrderingAndLifecycleTransitionPolicyFailClosed]' passed (0.000 seconds).
Build, sign, notarize, and verify	Run repository regression gate	2026-10-04T03:21:02.5950850Z Test Case '-[HostwrightDistributionTests.DistributionModelsTests testSPDXAndProvenanceMustBindExactArchiveAndSource]' started.
Build, sign, notarize, and verify	Run repository regression gate	2026-10-04T03:21:02.5951490Z Test Case '-[HostwrightDistributionTests.DistributionModelsTests testSPDXAndProvenanceMustBindExactArchiveAndSource]' passed (0.002 seconds).
Build, sign, notarize, and verify	Run repository regression gate	2026-10-04T03:21:02.5952100Z Test Case '-[HostwrightDistributionTests.DistributionModelsTests testSupportedPackageExcludesDeferredServiceExecutables]' started.
Build, sign, notarize, and verify	Run repository regression gate	2026-10-04T03:21:02.5952690Z Test Case '-[HostwrightDistributionTests.DistributionModelsTests testSupportedPackageExcludesDeferredServiceExecutables]' passed (0.000 seconds).
Build, sign, notarize, and verify	Run repository regression gate	2026-10-04T03:21:02.5953120Z Test Suite 'DistributionModelsTests' passed at 2026-10-03 23:21:02.584.
Build, sign, notarize, and verify	Run repository regression gate	2026-10-04T03:21:02.5953440Z 	 Executed 14 tests, with 0 failures (0 unexpected) in 0.011 (0.012) seconds
Build, sign, notarize, and verify	Run repository regression gate	2026-10-04T03:21:02.5931360Z Test Suite 'DistributionLifecycleModelsTests' started at 2026-10-03 23:21:02.563.
Build, sign, notarize, and verify	Run repository regression gate	2026-10-04T03:21:02.5931880Z Test Case '-[HostwrightDistributionTests.DistributionLifecycleModelsTests testLifecycleContractsAllowBoundManagedServiceStatesAndRejectUnboundCheckpoints]' started.
Build, sign, notarize, and verify	Run repository regression gate	2026-10-04T03:21:02.5932640Z Test Case '-[HostwrightDistributionTests.DistributionLifecycleModelsTests testLifecycleContractsAllowBoundManagedServiceStatesAndRejectUnboundCheckpoints]' passed (0.003 seconds).
Build, sign, notarize, and verify	Run repository regression gate	2026-10-04T03:21:02.5933360Z Test Case '-[HostwrightDistributionTests.DistributionLifecycleModelsTests testLifecycleJournalAndStatusArePathBoundCanonicalContracts]' started.
Build, sign, notarize, and verify	Run repository regression gate	2026-10-04T03:21:02.5933990Z Test Case '-[HostwrightDistributionTests.DistributionLifecycleModelsTests testLifecycleJournalAndStatusArePathBoundCanonicalContracts]' passed (0.003 seconds).
Build, sign, notarize, and verify	Run repository regression gate	2026-10-04T03:21:02.5934620Z Test Case '-[HostwrightDistributionTests.DistributionLifecycleModelsTests testLifecycleJournalRejectsInvalidOperationShapeAndUnverifiedRollback]' started.
Build, sign, notarize, and verify	Run repository regression gate	2026-10-04T03:21:02.5935300Z Test Case '-[HostwrightDistributionTests.DistributionLifecycleModelsTests testLifecycleJournalRejectsInvalidOperationShapeAndUnverifiedRollback]' passed (0.002 seconds).
Build, sign, notarize, and verify	Run repository regression gate	2026-10-04T03:21:02.5935790Z Test Suite 'DistributionLifecycleModelsTests' passed at 2026-10-03 23:21:02.572.
Build, sign, notarize, and verify	Run repository regression gate	2026-10-04T03:21:02.5936090Z 	 Executed 3 tests, with 0 failures (0 unexpected) in 0.008 (0.009) seconds
Build, sign, notarize, and verify	Run repository regression gate	2026-10-04T03:21:02.5953730Z Test Suite 'DistributionPackageLifecycleTests' started at 2026-10-03 23:21:02.584.
Build, sign, notarize, and verify	Run repository regression gate	2026-10-04T03:21:02.5954210Z Test Case '-[HostwrightDistributionTests.DistributionPackageLifecycleTests testDesktopBuildVersionsUseThreeComponentsAndPreserveChannelOrder]' started.
Build, sign, notarize, and verify	Run repository regression gate	2026-10-04T03:21:02.5954990Z Test Case '-[HostwrightDistributionTests.DistributionPackageLifecycleTests testDesktopBuildVersionsUseThreeComponentsAndPreserveChannelOrder]' passed (0.000 seconds).
Build, sign, notarize, and verify	Run repository regression gate	2026-10-04T03:21:02.5955720Z Test Case '-[HostwrightDistributionTests.DistributionPackageLifecycleTests testPackageOriginIsAdditiveAndBindsCurrentPayloadToNewestReceipt]' started.
Build, sign, notarize, and verify	Run repository regression gate	2026-10-04T03:21:02.5956550Z Test Case '-[HostwrightDistributionTests.DistributionPackageLifecycleTests testPackageOriginIsAdditiveAndBindsCurrentPayloadToNewestReceipt]' passed (0.001 seconds).
Build, sign, notarize, and verify	Run repository regression gate	2026-10-04T03:21:02.5957170Z Test Case '-[HostwrightDistributionTests.DistributionPackageLifecycleTests testPackageOriginRejectsInstalledPayloadVersionMismatch]' started.
Build, sign, notarize, and verify	Run repository regression gate	2026-10-04T03:21:02.5957790Z Test Case '-[HostwrightDistributionTests.DistributionPackageLifecycleTests testPackageOriginRejectsInstalledPayloadVersionMismatch]' passed (0.001 seconds).
Build, sign, notarize, and verify	Run repository regression gate	2026-10-04T03:21:02.5958410Z Test Case '-[HostwrightDistributionTests.DistributionPackageLifecycleTests testPackageReceiptParserRequiresExactIdentifierVersionAndRootLocation]' started.
Build, sign, notarize, and verify	Run repository regression gate	2026-10-04T03:21:02.5959100Z Test Case '-[HostwrightDistributionTests.DistributionPackageLifecycleTests testPackageReceiptParserRequiresExactIdentifierVersionAndRootLocation]' passed (0.001 seconds).
Build, sign, notarize, and verify	Run repository regression gate	2026-10-04T03:21:02.5959770Z Test Case '-[HostwrightDistributionTests.DistributionPackageLifecycleTests testPostinstallEntrypointUsesOnlyLockedPackageLifecycleArguments]' started.
Build, sign, notarize, and verify	Run repository regression gate	2026-10-04T03:21:02.5960420Z Test Case '-[HostwrightDistributionTests.DistributionPackageLifecycleTests testPostinstallEntrypointUsesOnlyLockedPackageLifecycleArguments]' passed (0.000 seconds).
Build, sign, notarize, and verify	Run repository regression gate	2026-10-04T03:21:02.5961200Z Test Case '-[HostwrightDistributionTests.DistributionPackageLifecycleTests testPreinstallEntrypointUsesArchivedCompanionAndLockedReadOnlyArguments]' started.
Build, sign, notarize, and verify	Run repository regression gate	2026-10-04T03:21:02.5961890Z Test Case '-[HostwrightDistributionTests.DistributionPackageLifecycleTests testPreinstallEntrypointUsesArchivedCompanionAndLockedReadOnlyArguments]' passed (0.000 seconds).
Build, sign, notarize, and verify	Run repository regression gate	2026-10-04T03:21:02.5962560Z Test Case '-[HostwrightDistributionTests.DistributionPackageLifecycleTests testQualificationVersionsMapMonotonicallyToApplePackageVersions]' started.
Build, sign, notarize, and verify	Run repository regression gate	2026-10-04T03:21:02.5963220Z Test Case '-[HostwrightDistributionTests.DistributionPackageLifecycleTests testQualificationVersionsMapMonotonicallyToApplePackageVersions]' passed (0.000 seconds).
Build, sign, notarize, and verify	Run repository regression gate	2026-10-04T03:21:02.5963900Z Test Case '-[HostwrightDistributionTests.DistributionPackageLifecycleTests testReleaseCandidateAndStablePackageVersionsFollowPublishedDevelopmentReceipts]' started.
Build, sign, notarize, and verify	Run repository regression gate	2026-10-04T03:21:02.5964630Z Test Case '-[HostwrightDistributionTests.DistributionPackageLifecycleTests testReleaseCandidateAndStablePackageVersionsFollowPublishedDevelopmentReceipts]' passed (0.000 seconds).
Build, sign, notarize, and verify	Run repository regression gate	2026-10-04T03:21:02.5965300Z Test Case '-[HostwrightDistributionTests.DistributionPackageLifecycleTests testReleasePackageChannelsRejectAmbiguousOrOutOfRangeIdentifiers]' started.
Build, sign, notarize, and verify	Run repository regression gate	2026-10-04T03:21:04.6001110Z Test Case '-[HostwrightDistributionTests.DistributionPackageLifecycleTests testReleasePackageChannelsRejectAmbiguousOrOutOfRangeIdentifiers]' passed (0.000 seconds).
Build, sign, notarize, and verify	Run repository regression gate	2026-10-04T03:21:04.6001800Z Test Suite 'DistributionPackageLifecycleTests' passed at 2026-10-03 23:21:02.589.
Build, sign, notarize, and verify	Run repository regression gate	2026-10-04T03:21:04.6002110Z 	 Executed 9 tests, with 0 failures (0 unexpected) in 0.004 (0.005) seconds
Build, sign, notarize, and verify	Run repository regression gate	2026-10-04T02:33:42.1754200Z Test Suite 'DistributionContainerizationAssetSecurityTests' started at 2026-10-03 22:29:29.140.
Build, sign, notarize, and verify	Run repository regression gate	2026-10-04T02:33:42.1754990Z Test Case '-[HostwrightDistributionTests.DistributionContainerizationAssetSecurityTests testLoadRejectsModifiedGuestLoaderEvenWhenELFShapeIsValid]' started.
Build, sign, notarize, and verify	Run repository regression gate	2026-10-04T02:33:42.1756820Z Test Case '-[HostwrightDistributionTests.DistributionContainerizationAssetSecurityTests testLoadRejectsModifiedGuestLoaderEvenWhenELFShapeIsValid]' passed (0.007 seconds).
Build, sign, notarize, and verify	Run repository regression gate	2026-10-04T02:33:42.1757570Z Test Case '-[HostwrightDistributionTests.DistributionContainerizationAssetSecurityTests testLoadRejectsNonPrivateRootAndIntermediateDirectory]' started.
Build, sign, notarize, and verify	Run repository regression gate	2026-10-04T02:33:42.1758700Z Test Case '-[HostwrightDistributionTests.DistributionContainerizationAssetSecurityTests testLoadRejectsNonPrivateRootAndIntermediateDirectory]' passed (0.001 seconds).
Build, sign, notarize, and verify	Run repository regression gate	2026-10-04T02:33:42.1760170Z Test Case '-[HostwrightDistributionTests.DistributionContainerizationAssetSecurityTests testLoadRejectsSymlinkedIntermediateDirectory]' started.
Build, sign, notarize, and verify	Run repository regression gate	2026-10-04T02:33:42.1760900Z Test Case '-[HostwrightDistributionTests.DistributionContainerizationAssetSecurityTests testLoadRejectsSymlinkedIntermediateDirectory]' passed (0.001 seconds).
Build, sign, notarize, and verify	Run repository regression gate	2026-10-04T02:33:42.1761720Z Test Case '-[HostwrightDistributionTests.DistributionContainerizationAssetSecurityTests testLoadRejectsWritableAssetFile]' started.
Build, sign, notarize, and verify	Run repository regression gate	2026-10-04T02:33:42.1762380Z Test Case '-[HostwrightDistributionTests.DistributionContainerizationAssetSecurityTests testLoadRejectsWritableAssetFile]' passed (0.002 seconds).
Build, sign, notarize, and verify	Run repository regression gate	2026-10-04T02:33:42.1763230Z Test Case '-[HostwrightDistributionTests.DistributionContainerizationAssetSecurityTests testValidatedCopyRejectsInPlaceMutation]' started.
Build, sign, notarize, and verify	Run repository regression gate	2026-10-04T02:33:42.1763850Z Test Case '-[HostwrightDistributionTests.DistributionContainerizationAssetSecurityTests testValidatedCopyRejectsInPlaceMutation]' passed (0.001 seconds).
Build, sign, notarize, and verify	Run repository regression gate	2026-10-04T02:33:42.1764620Z Test Case '-[HostwrightDistributionTests.DistributionContainerizationAssetSecurityTests testValidatedCopyRejectsParentDirectoryDrift]' started.
Build, sign, notarize, and verify	Run repository regression gate	2026-10-04T02:33:42.1765270Z Test Case '-[HostwrightDistributionTests.DistributionContainerizationAssetSecurityTests testValidatedCopyRejectsParentDirectoryDrift]' passed (0.000 seconds).
Build, sign, notarize, and verify	Run repository regression gate	2026-10-04T02:33:42.1766250Z Test Case '-[HostwrightDistributionTests.DistributionContainerizationAssetSecurityTests testValidatedCopyRejectsPathReplacement]' started.
Build, sign, notarize, and verify	Run repository regression gate	2026-10-04T02:33:42.1766910Z Test Case '-[HostwrightDistributionTests.DistributionContainerizationAssetSecurityTests testValidatedCopyRejectsPathReplacement]' passed (0.001 seconds).
Build, sign, notarize, and verify	Run repository regression gate	2026-10-04T02:33:42.1767530Z Test Case '-[HostwrightDistributionTests.DistributionContainerizationAssetSecurityTests testValidatedCopyStreamsTheBoundFileWithExactMode]' started.
Build, sign, notarize, and verify	Run repository regression gate	2026-10-04T02:33:42.1768220Z Test Case '-[HostwrightDistributionTests.DistributionContainerizationAssetSecurityTests testValidatedCopyStreamsTheBoundFileWithExactMode]' passed (0.001 seconds).
Build, sign, notarize, and verify	Run repository regression gate	2026-10-04T02:33:42.1768730Z Test Suite 'DistributionContainerizationAssetSecurityTests' passed at 2026-10-03 22:29:29.153.
Build, sign, notarize, and verify	Run repository regression gate	2026-10-04T02:33:42.1769060Z 	 Executed 8 tests, with 0 failures (0 unexpected) in 0.013 (0.013) seconds
Build, sign, notarize, and verify	Run repository regression gate	2026-10-04T03:26:32.5707790Z Test Suite 'TrustedReleaseTests' started at 2026-10-03 23:26:28.499.
Build, sign, notarize, and verify	Run repository regression gate	2026-10-04T03:26:32.5708160Z Test Case '-[HostwrightDistributionTests.TrustedReleaseTests testArchiveNotaryTicketsAcceptRecordedDesktopBundleAndExecutable]' started.
Build, sign, notarize, and verify	Run repository regression gate	2026-10-04T03:26:32.5708720Z Test Case '-[HostwrightDistributionTests.TrustedReleaseTests testArchiveNotaryTicketsAcceptRecordedDesktopBundleAndExecutable]' passed (0.001 seconds).
Build, sign, notarize, and verify	Run repository regression gate	2026-10-04T03:26:32.5709440Z Test Case '-[HostwrightDistributionTests.TrustedReleaseTests testArchiveNotaryTicketsBindBundleToFinalDesktopExecutableHash]' started.
Build, sign, notarize, and verify	Run repository regression gate	2026-10-04T03:26:32.5709990Z Test Case '-[HostwrightDistributionTests.TrustedReleaseTests testArchiveNotaryTicketsBindBundleToFinalDesktopExecutableHash]' passed (0.001 seconds).
Build, sign, notarize, and verify	Run repository regression gate	2026-10-04T03:26:32.5710520Z Test Case '-[HostwrightDistributionTests.TrustedReleaseTests testArchiveNotaryTicketsRejectChangedRecordedDesktopInventory]' started.
Build, sign, notarize, and verify	Run repository regression gate	2026-10-04T03:26:32.5711060Z Test Case '-[HostwrightDistributionTests.TrustedReleaseTests testArchiveNotaryTicketsRejectChangedRecordedDesktopInventory]' passed (0.001 seconds).
Build, sign, notarize, and verify	Run repository regression gate	2026-10-04T03:26:32.5711590Z Test Case '-[HostwrightDistributionTests.TrustedReleaseTests testArchiveNotaryTicketsRequireEverySignedExecutableHash]' started.
Build, sign, notarize, and verify	Run repository regression gate	2026-10-04T03:26:32.5712100Z Test Case '-[HostwrightDistributionTests.TrustedReleaseTests testArchiveNotaryTicketsRequireEverySignedExecutableHash]' passed (0.000 seconds).
Build, sign, notarize, and verify	Run repository regression gate	2026-10-04T03:26:32.5712570Z Test Case '-[HostwrightDistributionTests.TrustedReleaseTests testCleanBuildArgumentsUseOneDeterministicReleaseContract]' started.
Build, sign, notarize, and verify	Run repository regression gate	2026-10-04T03:26:32.5713100Z Test Case '-[HostwrightDistributionTests.TrustedReleaseTests testCleanBuildArgumentsUseOneDeterministicReleaseContract]' passed (0.000 seconds).
Build, sign, notarize, and verify	Run repository regression gate	2026-10-04T03:26:32.5713660Z Test Case '-[HostwrightDistributionTests.TrustedReleaseTests testCleanBuildCommandEvidenceRecordsExactDeterministicInvocation]' started.
Build, sign, notarize, and verify	Run repository regression gate	2026-10-04T03:26:32.5714210Z Test Case '-[HostwrightDistributionTests.TrustedReleaseTests testCleanBuildCommandEvidenceRecordsExactDeterministicInvocation]' passed (0.000 seconds).
Build, sign, notarize, and verify	Run repository regression gate	2026-10-04T03:26:32.5714740Z Test Case '-[HostwrightDistributionTests.TrustedReleaseTests testCleanBuildDependencyInventoryUsesParsedSwiftPMGraph]' started.
Build, sign, notarize, and verify	Run repository regression gate	2026-10-04T03:26:32.5715250Z Test Case '-[HostwrightDistributionTests.TrustedReleaseTests testCleanBuildDependencyInventoryUsesParsedSwiftPMGraph]' passed (0.001 seconds).
Build, sign, notarize, and verify	Run repository regression gate	2026-10-04T03:26:32.5715770Z Test Case '-[HostwrightDistributionTests.TrustedReleaseTests testCleanBuildInventoryRequiresQualifiedSecurityRevisions]' started.
Build, sign, notarize, and verify	Run repository regression gate	2026-10-04T03:26:32.5716280Z Test Case '-[HostwrightDistributionTests.TrustedReleaseTests testCleanBuildInventoryRequiresQualifiedSecurityRevisions]' passed (0.002 seconds).
Build, sign, notarize, and verify	Run repository regression gate	2026-10-04T03:26:32.5716860Z Test Case '-[HostwrightDistributionTests.TrustedReleaseTests testCMSDecoderAuthenticatesPublicDetachedFixtureAndReadsActualSubjectKeyIdentifier]' started.
Build, sign, notarize, and verify	Run repository regression gate	2026-10-04T03:26:32.5717500Z Test Case '-[HostwrightDistributionTests.TrustedReleaseTests testCMSDecoderAuthenticatesPublicDetachedFixtureAndReadsActualSubjectKeyIdentifier]' passed (0.001 seconds).
Build, sign, notarize, and verify	Run repository regression gate	2026-10-04T03:26:32.5718120Z Test Case '-[HostwrightDistributionTests.TrustedReleaseTests testCMSDecoderRejectsEmbeddedContentForMatchingAndDifferentDetachedInput]' started.
Build, sign, notarize, and verify	Run repository regression gate	2026-10-04T03:26:32.5718860Z Test Case '-[HostwrightDistributionTests.TrustedReleaseTests testCMSDecoderRejectsEmbeddedContentForMatchingAndDifferentDetachedInput]' passed (0.000 seconds).
Build, sign, notarize, and verify	Run repository regression gate	2026-10-04T03:26:32.5719440Z Test Case '-[HostwrightDistributionTests.TrustedReleaseTests testCMSDecoderRejectsEmptyEmbeddedContentWithNonemptyDetachedInput]' started.
Build, sign, notarize, and verify	Run repository regression gate	2026-10-04T03:26:32.5720010Z Test Case '-[HostwrightDistributionTests.TrustedReleaseTests testCMSDecoderRejectsEmptyEmbeddedContentWithNonemptyDetachedInput]' passed (0.000 seconds).
Build, sign, notarize, and verify	Run repository regression gate	2026-10-04T03:26:32.5720630Z Test Case '-[HostwrightDistributionTests.TrustedReleaseTests testCMSDecoderRejectsTamperedDetachedContentDespiteUnchangedSignerCertificate]' started.
Build, sign, notarize, and verify	Run repository regression gate	2026-10-04T03:26:32.5721240Z Test Case '-[HostwrightDistributionTests.TrustedReleaseTests testCMSDecoderRejectsTamperedDetachedContentDespiteUnchangedSignerCertificate]' passed (0.000 seconds).
Build, sign, notarize, and verify	Run repository regression gate	2026-10-04T03:26:32.5721810Z Test Case '-[HostwrightDistributionTests.TrustedReleaseTests testCMSSignerInspectorRejectsMalformedAndEmptyInputs]' started.
Build, sign, notarize, and verify	Run repository regression gate	2026-10-04T03:26:32.5722300Z Test Case '-[HostwrightDistributionTests.TrustedReleaseTests testCMSSignerInspectorRejectsMalformedAndEmptyInputs]' passed (0.001 seconds).
Build, sign, notarize, and verify	Run repository regression gate	2026-10-04T03:26:32.5722910Z Test Case '-[HostwrightDistributionTests.TrustedReleaseTests testCMSSigningCertificateRejectsMissingAndAmbiguousIdentifiers]' started.
Build, sign, notarize, and verify	Run repository regression gate	2026-10-04T03:26:32.5723450Z Test Case '-[HostwrightDistributionTests.TrustedReleaseTests testCMSSigningCertificateRejectsMissingAndAmbiguousIdentifiers]' passed (0.000 seconds).
Build, sign, notarize, and verify	Run repository regression gate	2026-10-04T03:26:32.5723990Z Test Case '-[HostwrightDistributionTests.TrustedReleaseTests testCMSSigningCertificateRequiresExactFingerprintAndCommonName]' started.
Build, sign, notarize, and verify	Run repository regression gate	2026-10-04T03:26:32.5724530Z Test Case '-[HostwrightDistributionTests.TrustedReleaseTests testCMSSigningCertificateRequiresExactFingerprintAndCommonName]' passed (0.000 seconds).
Build, sign, notarize, and verify	Run repository regression gate	2026-10-04T03:26:32.5725080Z Test Case '-[HostwrightDistributionTests.TrustedReleaseTests testContainerizationHelperSigningUsesOnlyVirtualizationEntitlement]' started.
Build, sign, notarize, and verify	Run repository regression gate	2026-10-04T03:26:32.5725650Z Test Case '-[HostwrightDistributionTests.TrustedReleaseTests testContainerizationHelperSigningUsesOnlyVirtualizationEntitlement]' passed (0.000 seconds).
Build, sign, notarize, and verify	Run repository regression gate	2026-10-04T03:26:32.5726170Z Test Case '-[HostwrightDistributionTests.TrustedReleaseTests testCurrentSchemaRejectsEmptyDependencyInventory]' started.
Build, sign, notarize, and verify	Run repository regression gate	2026-10-04T03:26:32.5726640Z Test Case '-[HostwrightDistributionTests.TrustedReleaseTests testCurrentSchemaRejectsEmptyDependencyInventory]' passed (0.001 seconds).
Build, sign, notarize, and verify	Run repository regression gate	2026-10-04T03:26:32.5727170Z Test Case '-[HostwrightDistributionTests.TrustedReleaseTests testDeveloperIDParserSelectsOnlyExactApplicationAndInstallerIdentities]' started.
Build, sign, notarize, and verify	Run repository regression gate	2026-10-04T03:26:32.5732240Z Test Case '-[HostwrightDistributionTests.TrustedReleaseTests testDeveloperIDParserSelectsOnlyExactApplicationAndInstallerIdentities]' passed (0.001 seconds).
Build, sign, notarize, and verify	Run repository regression gate	2026-10-04T03:26:32.5732760Z Test Case '-[HostwrightDistributionTests.TrustedReleaseTests testDistributionHashHonorsPreCancellation]' started.
Build, sign, notarize, and verify	Run repository regression gate	2026-10-04T03:26:32.5733220Z Test Case '-[HostwrightDistributionTests.TrustedReleaseTests testDistributionHashHonorsPreCancellation]' passed (0.000 seconds).
Build, sign, notarize, and verify	Run repository regression gate	2026-10-04T03:26:32.5733720Z Test Case '-[HostwrightDistributionTests.TrustedReleaseTests testDistributionRunnerRestrictsDeterministicSwiftEnvironment]' started.
Build, sign, notarize, and verify	Run repository regression gate	2026-10-04T03:26:32.5734260Z Test Case '-[HostwrightDistributionTests.TrustedReleaseTests testDistributionRunnerRestrictsDeterministicSwiftEnvironment]' passed (0.309 seconds).
Build, sign, notarize, and verify	Run repository regression gate	2026-10-04T03:26:32.5734820Z Test Case '-[HostwrightDistributionTests.TrustedReleaseTests testHomebrewFormulaUsesImmutableArtifactAndCompleteInstalledSurface]' started.
Build, sign, notarize, and verify	Run repository regression gate	2026-10-04T03:26:32.5735410Z Test Case '-[HostwrightDistributionTests.TrustedReleaseTests testHomebrewFormulaUsesImmutableArtifactAndCompleteInstalledSurface]' passed (0.002 seconds).
Build, sign, notarize, and verify	Run repository regression gate	2026-10-04T03:26:32.5735980Z Test Case '-[HostwrightDistributionTests.TrustedReleaseTests testNotarytoolLogParserRejectsIncompleteOrMismatchedArchiveTickets]' started.
Build, sign, notarize, and verify	Run repository regression gate	2026-10-04T03:26:32.5736680Z Test Case '-[HostwrightDistributionTests.TrustedReleaseTests testNotarytoolLogParserRejectsIncompleteOrMismatchedArchiveTickets]' passed (0.000 seconds).
Build, sign, notarize, and verify	Run repository regression gate	2026-10-04T03:26:32.5737220Z Test Case '-[HostwrightDistributionTests.TrustedReleaseTests testNotarytoolLogParserRequiresExactArchiveTicketContents]' started.
Build, sign, notarize, and verify	Run repository regression gate	2026-10-04T03:26:32.5737750Z Test Case '-[HostwrightDistributionTests.TrustedReleaseTests testNotarytoolLogParserRequiresExactArchiveTicketContents]' passed (0.000 seconds).
Build, sign, notarize, and verify	Run repository regression gate	2026-10-04T03:26:32.5738250Z Test Case '-[HostwrightDistributionTests.TrustedReleaseTests testNotarytoolParserRequiresAcceptedUUIDBoundJSON]' started.
Build, sign, notarize, and verify	Run repository regression gate	2026-10-04T03:26:32.5738730Z Test Case '-[HostwrightDistributionTests.TrustedReleaseTests testNotarytoolParserRequiresAcceptedUUIDBoundJSON]' passed (0.000 seconds).
Build, sign, notarize, and verify	Run repository regression gate	2026-10-04T03:26:32.5739250Z Test Case '-[HostwrightDistributionTests.TrustedReleaseTests testPreCancelledTrustedReleaseCreatesNoOutputAndReadsNoIdentity]' started.
Build, sign, notarize, and verify	Run repository regression gate	2026-10-04T03:26:32.5739790Z Test Case '-[HostwrightDistributionTests.TrustedReleaseTests testPreCancelledTrustedReleaseCreatesNoOutputAndReadsNoIdentity]' passed (0.001 seconds).
Build, sign, notarize, and verify	Run repository regression gate	2026-10-04T03:26:32.5740420Z Test Case '-[HostwrightDistributionTests.TrustedReleaseTests testPublishedPhaseTwoReleaseSchemaRemainsVerifiable]' started.
Build, sign, notarize, and verify	Run repository regression gate	2026-10-04T03:26:32.5740910Z Test Case '-[HostwrightDistributionTests.TrustedReleaseTests testPublishedPhaseTwoReleaseSchemaRemainsVerifiable]' passed (0.001 seconds).
Build, sign, notarize, and verify	Run repository regression gate	2026-10-04T03:26:32.5741430Z Test Case '-[HostwrightDistributionTests.TrustedReleaseTests testPublishedSchemaOneEmptyDependencyInventoryRemainsVerifiable]' started.
Build, sign, notarize, and verify	Run repository regression gate	2026-10-04T03:26:32.5741970Z Test Case '-[HostwrightDistributionTests.TrustedReleaseTests testPublishedSchemaOneEmptyDependencyInventoryRemainsVerifiable]' passed (0.001 seconds).
Build, sign, notarize, and verify	Run repository regression gate	2026-10-04T03:26:32.5742500Z Test Case '-[HostwrightDistributionTests.TrustedReleaseTests testRenderedHomebrewFormulaPassesRealRubyAndHomebrewStyle]' started.
Build, sign, notarize, and verify	Run repository regression gate	2026-10-04T03:26:32.5743020Z Test Case '-[HostwrightDistributionTests.TrustedReleaseTests testRenderedHomebrewFormulaPassesRealRubyAndHomebrewStyle]' passed (3.718 seconds).
Build, sign, notarize, and verify	Run repository regression gate	2026-10-04T03:26:32.5743540Z Test Case '-[HostwrightDistributionTests.TrustedReleaseTests testReproducibilityMismatchNamesSortedDifferingPayloadPaths]' started.
Build, sign, notarize, and verify	Run repository regression gate	2026-10-04T03:26:32.5744070Z Test Case '-[HostwrightDistributionTests.TrustedReleaseTests testReproducibilityMismatchNamesSortedDifferingPayloadPaths]' passed (0.000 seconds).
Build, sign, notarize, and verify	Run repository regression gate	2026-10-04T03:26:32.5744650Z Test Case '-[HostwrightDistributionTests.TrustedReleaseTests testRevisionOnlyProvenanceKeepsExactCommitAndRejectsMissingOrDuplicateIdentity]' started.
Build, sign, notarize, and verify	Run repository regression gate	2026-10-04T03:26:32.5745270Z Test Case '-[HostwrightDistributionTests.TrustedReleaseTests testRevisionOnlyProvenanceKeepsExactCommitAndRejectsMissingOrDuplicateIdentity]' passed (0.000 seconds).
Build, sign, notarize, and verify	Run repository regression gate	2026-10-04T03:26:32.5745830Z Test Case '-[HostwrightDistributionTests.TrustedReleaseTests testStructuredReleaseOutputsAndRetentionPolicyAreStable]' started.
Build, sign, notarize, and verify	Run repository regression gate	2026-10-04T03:26:32.5746350Z Test Case '-[HostwrightDistributionTests.TrustedReleaseTests testStructuredReleaseOutputsAndRetentionPolicyAreStable]' passed (0.009 seconds).
Build, sign, notarize, and verify	Run repository regression gate	2026-10-04T03:26:32.5746860Z Test Case '-[HostwrightDistributionTests.TrustedReleaseTests testTrustedManifestAndProvenanceBindEveryPublishedArtifact]' started.
Build, sign, notarize, and verify	Run repository regression gate	2026-10-04T03:26:32.5747380Z Test Case '-[HostwrightDistributionTests.TrustedReleaseTests testTrustedManifestAndProvenanceBindEveryPublishedArtifact]' passed (0.004 seconds).
Build, sign, notarize, and verify	Run repository regression gate	2026-10-04T03:26:32.5747930Z Test Case '-[HostwrightDistributionTests.TrustedReleaseTests testTrustedReleaseRequestRejectsSecretsAndMutableIdentifiersBeforeIO]' started.
Build, sign, notarize, and verify	Run repository regression gate	2026-10-04T03:26:32.5748500Z Test Case '-[HostwrightDistributionTests.TrustedReleaseTests testTrustedReleaseRequestRejectsSecretsAndMutableIdentifiersBeforeIO]' passed (0.000 seconds).
Build, sign, notarize, and verify	Run repository regression gate	2026-10-04T03:26:32.5749350Z Test Case '-[HostwrightDistributionTests.TrustedReleaseTests testTrustedReleaseRequiresMatchingActualToolVersionsFromBothCleanBuilds]' started.
Build, sign, notarize, and verify	Run repository regression gate	2026-10-04T03:26:32.5750040Z Test Case '-[HostwrightDistributionTests.TrustedReleaseTests testTrustedReleaseRequiresMatchingActualToolVersionsFromBothCleanBuilds]' passed (0.000 seconds).
Build, sign, notarize, and verify	Run repository regression gate	2026-10-04T03:26:32.5750590Z Test Case '-[HostwrightDistributionTests.TrustedReleaseTests testTrustedSPDXInventoriesArchiveAndPackageWithLicense]' started.
Build, sign, notarize, and verify	Run repository regression gate	2026-10-04T03:26:32.5751090Z Test Case '-[HostwrightDistributionTests.TrustedReleaseTests testTrustedSPDXInventoriesArchiveAndPackageWithLicense]' passed (0.002 seconds).
Build, sign, notarize, and verify	Run repository regression gate	2026-10-04T03:26:32.5751610Z Test Case '-[HostwrightDistributionTests.TrustedReleaseTests testVerifierRejectsUntrustedTeamAndMissingReleaseInventory]' started.
Build, sign, notarize, and verify	Run repository regression gate	2026-10-04T03:26:32.5752130Z Test Case '-[HostwrightDistributionTests.TrustedReleaseTests testVerifierRejectsUntrustedTeamAndMissingReleaseInventory]' passed (0.005 seconds).
Build, sign, notarize, and verify	Run repository regression gate	2026-10-04T03:26:32.5752640Z Test Suite 'TrustedReleaseTests' passed at 2026-10-03 23:26:32.567.
Build, sign, notarize, and verify	Run repository regression gate	2026-10-04T03:26:32.5752920Z 	 Executed 36 tests, with 0 failures (0 unexpected) in 4.065 (4.067) seconds
