Build, sign, notarize, and verify	Run repository regression gate	2026-10-03T18:09:37.1929680Z Test Suite 'DistributionModelsTests' started at 2026-10-03 14:09:37.038.
Build, sign, notarize, and verify	Run repository regression gate	2026-10-03T18:09:37.1930160Z Test Case '-[HostwrightDistributionTests.DistributionModelsTests testArtifactSchemaOnePreservesPublishedPhaseTwoLayout]' started.
Build, sign, notarize, and verify	Run repository regression gate	2026-10-03T18:09:37.1930840Z Test Case '-[HostwrightDistributionTests.DistributionModelsTests testArtifactSchemaOnePreservesPublishedPhaseTwoLayout]' passed (0.001 seconds).
Build, sign, notarize, and verify	Run repository regression gate	2026-10-03T18:09:37.1931390Z Test Case '-[HostwrightDistributionTests.DistributionModelsTests testArtifactSchemaTwoPreservesPreDesktopReleaseLayout]' started.
Build, sign, notarize, and verify	Run repository regression gate	2026-10-03T18:09:37.1931990Z Test Case '-[HostwrightDistributionTests.DistributionModelsTests testArtifactSchemaTwoPreservesPreDesktopReleaseLayout]' passed (0.000 seconds).
Build, sign, notarize, and verify	Run repository regression gate	2026-10-03T18:09:37.1932560Z Test Case '-[HostwrightDistributionTests.DistributionModelsTests testDistributionJSONRejectsUnknownAndNoncanonicalFields]' started.
Build, sign, notarize, and verify	Run repository regression gate	2026-10-03T18:09:37.1933140Z Test Case '-[HostwrightDistributionTests.DistributionModelsTests testDistributionJSONRejectsUnknownAndNoncanonicalFields]' passed (0.001 seconds).
Build, sign, notarize, and verify	Run repository regression gate	2026-10-03T18:09:37.1933750Z Test Case '-[HostwrightDistributionTests.DistributionModelsTests testGeneratedVersionPairsPreserveStrictTransitionProperties]' started.
Build, sign, notarize, and verify	Run repository regression gate	2026-10-03T18:09:37.1934360Z Test Case '-[HostwrightDistributionTests.DistributionModelsTests testGeneratedVersionPairsPreserveStrictTransitionProperties]' passed (0.001 seconds).
Build, sign, notarize, and verify	Run repository regression gate	2026-10-03T18:09:37.1934960Z Test Case '-[HostwrightDistributionTests.DistributionModelsTests testInstallationStatusAcceptsPublishedDev12NestedSchemaTwoManifest]' started.
Build, sign, notarize, and verify	Run repository regression gate	2026-10-03T18:09:37.1935570Z Test Case '-[HostwrightDistributionTests.DistributionModelsTests testInstallationStatusAcceptsPublishedDev12NestedSchemaTwoManifest]' passed (0.002 seconds).
Build, sign, notarize, and verify	Run repository regression gate	2026-10-03T18:09:37.1936170Z Test Case '-[HostwrightDistributionTests.DistributionModelsTests testInstallManifestAcceptsActualPublishedDev12SchemaTwo]' started.
Build, sign, notarize, and verify	Run repository regression gate	2026-10-03T18:09:37.1936760Z Test Case '-[HostwrightDistributionTests.DistributionModelsTests testInstallManifestAcceptsActualPublishedDev12SchemaTwo]' passed (0.000 seconds).
Build, sign, notarize, and verify	Run repository regression gate	2026-10-03T18:09:37.1937330Z Test Case '-[HostwrightDistributionTests.DistributionModelsTests testInstallManifestPreservesPriorShippedLayoutAndEmitsCurrentLayout]' started.
Build, sign, notarize, and verify	Run repository regression gate	2026-10-03T18:09:37.1937970Z Test Case '-[HostwrightDistributionTests.DistributionModelsTests testInstallManifestPreservesPriorShippedLayoutAndEmitsCurrentLayout]' passed (0.001 seconds).
Build, sign, notarize, and verify	Run repository regression gate	2026-10-03T18:09:37.1938550Z Test Case '-[HostwrightDistributionTests.DistributionModelsTests testManifestRequiresExactSafePayloadLayout]' started.
Build, sign, notarize, and verify	Run repository regression gate	2026-10-03T18:09:37.1939060Z Test Case '-[HostwrightDistributionTests.DistributionModelsTests testManifestRequiresExactSafePayloadLayout]' passed (0.001 seconds).
Build, sign, notarize, and verify	Run repository regression gate	2026-10-03T18:09:37.1939600Z Test Case '-[HostwrightDistributionTests.DistributionModelsTests testPathPolicyRejectsAbsoluteTraversalControlAndNestedFileNames]' started.
Build, sign, notarize, and verify	Run repository regression gate	2026-10-03T18:09:37.1940180Z Test Case '-[HostwrightDistributionTests.DistributionModelsTests testPathPolicyRejectsAbsoluteTraversalControlAndNestedFileNames]' passed (0.000 seconds).
Build, sign, notarize, and verify	Run repository regression gate	2026-10-03T18:09:37.1940840Z Test Case '-[HostwrightDistributionTests.DistributionModelsTests testPostCommitCleanupReportsPendingWithoutTurningCommittedMutationIntoFailure]' started.
Build, sign, notarize, and verify	Run repository regression gate	2026-10-03T18:09:37.1941490Z Test Case '-[HostwrightDistributionTests.DistributionModelsTests testPostCommitCleanupReportsPendingWithoutTurningCommittedMutationIntoFailure]' passed (0.000 seconds).
Build, sign, notarize, and verify	Run repository regression gate	2026-10-03T18:09:37.1942160Z Test Case '-[HostwrightDistributionTests.DistributionModelsTests testPublishedDev12InstallManifestRejectsModifiedLayoutsAndMetadata]' started.
Build, sign, notarize, and verify	Run repository regression gate	2026-10-03T18:09:37.1942830Z Test Case '-[HostwrightDistributionTests.DistributionModelsTests testPublishedDev12InstallManifestRejectsModifiedLayoutsAndMetadata]' passed (0.001 seconds).
Build, sign, notarize, and verify	Run repository regression gate	2026-10-03T18:09:37.1943440Z Test Case '-[HostwrightDistributionTests.DistributionModelsTests testSemanticVersionOrderingAndLifecycleTransitionPolicyFailClosed]' started.
Build, sign, notarize, and verify	Run repository regression gate	2026-10-03T18:09:37.1944040Z Test Case '-[HostwrightDistributionTests.DistributionModelsTests testSemanticVersionOrderingAndLifecycleTransitionPolicyFailClosed]' passed (0.001 seconds).
Build, sign, notarize, and verify	Run repository regression gate	2026-10-03T18:09:37.1944590Z Test Case '-[HostwrightDistributionTests.DistributionModelsTests testSPDXAndProvenanceMustBindExactArchiveAndSource]' started.
Build, sign, notarize, and verify	Run repository regression gate	2026-10-03T18:09:37.1945190Z Test Case '-[HostwrightDistributionTests.DistributionModelsTests testSPDXAndProvenanceMustBindExactArchiveAndSource]' passed (0.002 seconds).
Build, sign, notarize, and verify	Run repository regression gate	2026-10-03T18:09:37.1945710Z Test Case '-[HostwrightDistributionTests.DistributionModelsTests testSupportedPackageExcludesDeferredServiceExecutables]' started.
Build, sign, notarize, and verify	Run repository regression gate	2026-10-03T18:09:37.1946290Z Test Case '-[HostwrightDistributionTests.DistributionModelsTests testSupportedPackageExcludesDeferredServiceExecutables]' passed (0.000 seconds).
Build, sign, notarize, and verify	Run repository regression gate	2026-10-03T18:09:37.1946730Z Test Suite 'DistributionModelsTests' passed at 2026-10-03 14:09:37.051.
Build, sign, notarize, and verify	Run repository regression gate	2026-10-03T18:09:37.1947010Z 	 Executed 14 tests, with 0 failures (0 unexpected) in 0.012 (0.013) seconds
Build, sign, notarize, and verify	Run repository regression gate	2026-10-03T18:09:37.1923700Z Test Suite 'DistributionLifecycleModelsTests' started at 2026-10-03 14:09:37.031.
Build, sign, notarize, and verify	Run repository regression gate	2026-10-03T18:09:37.1924240Z Test Case '-[HostwrightDistributionTests.DistributionLifecycleModelsTests testLifecycleContractsAllowBoundManagedServiceStatesAndRejectUnboundCheckpoints]' started.
Build, sign, notarize, and verify	Run repository regression gate	2026-10-03T18:09:37.1924960Z Test Case '-[HostwrightDistributionTests.DistributionLifecycleModelsTests testLifecycleContractsAllowBoundManagedServiceStatesAndRejectUnboundCheckpoints]' passed (0.002 seconds).
Build, sign, notarize, and verify	Run repository regression gate	2026-10-03T18:09:37.1925680Z Test Case '-[HostwrightDistributionTests.DistributionLifecycleModelsTests testLifecycleJournalAndStatusArePathBoundCanonicalContracts]' started.
Build, sign, notarize, and verify	Run repository regression gate	2026-10-03T18:09:37.1926800Z Test Case '-[HostwrightDistributionTests.DistributionLifecycleModelsTests testLifecycleJournalAndStatusArePathBoundCanonicalContracts]' passed (0.002 seconds).
Build, sign, notarize, and verify	Run repository regression gate	2026-10-03T18:09:37.1927680Z Test Case '-[HostwrightDistributionTests.DistributionLifecycleModelsTests testLifecycleJournalRejectsInvalidOperationShapeAndUnverifiedRollback]' started.
Build, sign, notarize, and verify	Run repository regression gate	2026-10-03T18:09:37.1928590Z Test Case '-[HostwrightDistributionTests.DistributionLifecycleModelsTests testLifecycleJournalRejectsInvalidOperationShapeAndUnverifiedRollback]' passed (0.002 seconds).
Build, sign, notarize, and verify	Run repository regression gate	2026-10-03T18:09:37.1929110Z Test Suite 'DistributionLifecycleModelsTests' passed at 2026-10-03 14:09:37.038.
Build, sign, notarize, and verify	Run repository regression gate	2026-10-03T18:09:37.1929420Z 	 Executed 3 tests, with 0 failures (0 unexpected) in 0.006 (0.007) seconds
Build, sign, notarize, and verify	Run repository regression gate	2026-10-03T18:09:37.1947290Z Test Suite 'DistributionPackageLifecycleTests' started at 2026-10-03 14:09:37.051.
Build, sign, notarize, and verify	Run repository regression gate	2026-10-03T18:09:37.1947750Z Test Case '-[HostwrightDistributionTests.DistributionPackageLifecycleTests testDesktopBuildVersionsUseThreeComponentsAndPreserveChannelOrder]' started.
Build, sign, notarize, and verify	Run repository regression gate	2026-10-03T18:09:37.1948390Z Test Case '-[HostwrightDistributionTests.DistributionPackageLifecycleTests testDesktopBuildVersionsUseThreeComponentsAndPreserveChannelOrder]' passed (0.000 seconds).
Build, sign, notarize, and verify	Run repository regression gate	2026-10-03T18:09:37.1949020Z Test Case '-[HostwrightDistributionTests.DistributionPackageLifecycleTests testPackageOriginIsAdditiveAndBindsCurrentPayloadToNewestReceipt]' started.
Build, sign, notarize, and verify	Run repository regression gate	2026-10-03T18:09:37.1949670Z Test Case '-[HostwrightDistributionTests.DistributionPackageLifecycleTests testPackageOriginIsAdditiveAndBindsCurrentPayloadToNewestReceipt]' passed (0.001 seconds).
Build, sign, notarize, and verify	Run repository regression gate	2026-10-03T18:09:37.1950290Z Test Case '-[HostwrightDistributionTests.DistributionPackageLifecycleTests testPackageOriginRejectsInstalledPayloadVersionMismatch]' started.
Build, sign, notarize, and verify	Run repository regression gate	2026-10-03T18:09:37.1950870Z Test Case '-[HostwrightDistributionTests.DistributionPackageLifecycleTests testPackageOriginRejectsInstalledPayloadVersionMismatch]' passed (0.001 seconds).
Build, sign, notarize, and verify	Run repository regression gate	2026-10-03T18:09:37.1951530Z Test Case '-[HostwrightDistributionTests.DistributionPackageLifecycleTests testPackageReceiptParserRequiresExactIdentifierVersionAndRootLocation]' started.
Build, sign, notarize, and verify	Run repository regression gate	2026-10-03T18:09:37.1952180Z Test Case '-[HostwrightDistributionTests.DistributionPackageLifecycleTests testPackageReceiptParserRequiresExactIdentifierVersionAndRootLocation]' passed (0.000 seconds).
Build, sign, notarize, and verify	Run repository regression gate	2026-10-03T18:09:37.1952840Z Test Case '-[HostwrightDistributionTests.DistributionPackageLifecycleTests testPostinstallEntrypointUsesOnlyLockedPackageLifecycleArguments]' started.
Build, sign, notarize, and verify	Run repository regression gate	2026-10-03T18:09:37.1953500Z Test Case '-[HostwrightDistributionTests.DistributionPackageLifecycleTests testPostinstallEntrypointUsesOnlyLockedPackageLifecycleArguments]' passed (0.001 seconds).
Build, sign, notarize, and verify	Run repository regression gate	2026-10-03T18:09:37.1954150Z Test Case '-[HostwrightDistributionTests.DistributionPackageLifecycleTests testPreinstallEntrypointUsesArchivedCompanionAndLockedReadOnlyArguments]' started.
Build, sign, notarize, and verify	Run repository regression gate	2026-10-03T18:09:37.1954830Z Test Case '-[HostwrightDistributionTests.DistributionPackageLifecycleTests testPreinstallEntrypointUsesArchivedCompanionAndLockedReadOnlyArguments]' passed (0.000 seconds).
Build, sign, notarize, and verify	Run repository regression gate	2026-10-03T18:09:37.1955470Z Test Case '-[HostwrightDistributionTests.DistributionPackageLifecycleTests testQualificationVersionsMapMonotonicallyToApplePackageVersions]' started.
Build, sign, notarize, and verify	Run repository regression gate	2026-10-03T18:09:37.1956190Z Test Case '-[HostwrightDistributionTests.DistributionPackageLifecycleTests testQualificationVersionsMapMonotonicallyToApplePackageVersions]' passed (0.000 seconds).
Build, sign, notarize, and verify	Run repository regression gate	2026-10-03T18:09:37.1956860Z Test Case '-[HostwrightDistributionTests.DistributionPackageLifecycleTests testReleaseCandidateAndStablePackageVersionsFollowPublishedDevelopmentReceipts]' started.
Build, sign, notarize, and verify	Run repository regression gate	2026-10-03T18:09:37.1957580Z Test Case '-[HostwrightDistributionTests.DistributionPackageLifecycleTests testReleaseCandidateAndStablePackageVersionsFollowPublishedDevelopmentReceipts]' passed (0.000 seconds).
Build, sign, notarize, and verify	Run repository regression gate	2026-10-03T18:09:37.1958260Z Test Case '-[HostwrightDistributionTests.DistributionPackageLifecycleTests testReleasePackageChannelsRejectAmbiguousOrOutOfRangeIdentifiers]' started.
Build, sign, notarize, and verify	Run repository regression gate	2026-10-03T18:09:37.1958960Z Test Case '-[HostwrightDistributionTests.DistributionPackageLifecycleTests testReleasePackageChannelsRejectAmbiguousOrOutOfRangeIdentifiers]' passed (0.000 seconds).
Build, sign, notarize, and verify	Run repository regression gate	2026-10-03T18:09:37.1959450Z Test Suite 'DistributionPackageLifecycleTests' passed at 2026-10-03 14:09:37.055.
Build, sign, notarize, and verify	Run repository regression gate	2026-10-03T18:09:37.1959710Z 	 Executed 9 tests, with 0 failures (0 unexpected) in 0.004 (0.004) seconds
Build, sign, notarize, and verify	Run repository regression gate	2026-10-03T17:19:14.1643310Z Test Suite 'DistributionContainerizationAssetSecurityTests' started at 2026-10-03 13:14:49.834.
Build, sign, notarize, and verify	Run repository regression gate	2026-10-03T17:19:14.1643820Z Test Case '-[HostwrightDistributionTests.DistributionContainerizationAssetSecurityTests testLoadRejectsModifiedGuestLoaderEvenWhenELFShapeIsValid]' started.
Build, sign, notarize, and verify	Run repository regression gate	2026-10-03T17:19:14.1644560Z Test Case '-[HostwrightDistributionTests.DistributionContainerizationAssetSecurityTests testLoadRejectsModifiedGuestLoaderEvenWhenELFShapeIsValid]' passed (0.007 seconds).
Build, sign, notarize, and verify	Run repository regression gate	2026-10-03T17:19:14.1645230Z Test Case '-[HostwrightDistributionTests.DistributionContainerizationAssetSecurityTests testLoadRejectsNonPrivateRootAndIntermediateDirectory]' started.
Build, sign, notarize, and verify	Run repository regression gate	2026-10-03T17:19:14.1645910Z Test Case '-[HostwrightDistributionTests.DistributionContainerizationAssetSecurityTests testLoadRejectsNonPrivateRootAndIntermediateDirectory]' passed (0.001 seconds).
Build, sign, notarize, and verify	Run repository regression gate	2026-10-03T17:19:14.1646590Z Test Case '-[HostwrightDistributionTests.DistributionContainerizationAssetSecurityTests testLoadRejectsSymlinkedIntermediateDirectory]' started.
Build, sign, notarize, and verify	Run repository regression gate	2026-10-03T17:19:14.1647250Z Test Case '-[HostwrightDistributionTests.DistributionContainerizationAssetSecurityTests testLoadRejectsSymlinkedIntermediateDirectory]' passed (0.001 seconds).
Build, sign, notarize, and verify	Run repository regression gate	2026-10-03T17:19:14.1647880Z Test Case '-[HostwrightDistributionTests.DistributionContainerizationAssetSecurityTests testLoadRejectsWritableAssetFile]' started.
Build, sign, notarize, and verify	Run repository regression gate	2026-10-03T17:19:14.1648650Z Test Case '-[HostwrightDistributionTests.DistributionContainerizationAssetSecurityTests testLoadRejectsWritableAssetFile]' passed (0.002 seconds).
Build, sign, notarize, and verify	Run repository regression gate	2026-10-03T17:19:14.1649520Z Test Case '-[HostwrightDistributionTests.DistributionContainerizationAssetSecurityTests testValidatedCopyRejectsInPlaceMutation]' started.
Build, sign, notarize, and verify	Run repository regression gate	2026-10-03T17:19:14.1650100Z Test Case '-[HostwrightDistributionTests.DistributionContainerizationAssetSecurityTests testValidatedCopyRejectsInPlaceMutation]' passed (0.001 seconds).
Build, sign, notarize, and verify	Run repository regression gate	2026-10-03T17:19:14.1650710Z Test Case '-[HostwrightDistributionTests.DistributionContainerizationAssetSecurityTests testValidatedCopyRejectsParentDirectoryDrift]' started.
Build, sign, notarize, and verify	Run repository regression gate	2026-10-03T17:19:14.1651290Z Test Case '-[HostwrightDistributionTests.DistributionContainerizationAssetSecurityTests testValidatedCopyRejectsParentDirectoryDrift]' passed (0.000 seconds).
Build, sign, notarize, and verify	Run repository regression gate	2026-10-03T17:19:14.1651840Z Test Case '-[HostwrightDistributionTests.DistributionContainerizationAssetSecurityTests testValidatedCopyRejectsPathReplacement]' started.
Build, sign, notarize, and verify	Run repository regression gate	2026-10-03T17:19:14.1652410Z Test Case '-[HostwrightDistributionTests.DistributionContainerizationAssetSecurityTests testValidatedCopyRejectsPathReplacement]' passed (0.001 seconds).
Build, sign, notarize, and verify	Run repository regression gate	2026-10-03T17:19:14.1653280Z Test Case '-[HostwrightDistributionTests.DistributionContainerizationAssetSecurityTests testValidatedCopyStreamsTheBoundFileWithExactMode]' started.
Build, sign, notarize, and verify	Run repository regression gate	2026-10-03T17:19:14.1653880Z Test Case '-[HostwrightDistributionTests.DistributionContainerizationAssetSecurityTests testValidatedCopyStreamsTheBoundFileWithExactMode]' passed (0.002 seconds).
Build, sign, notarize, and verify	Run repository regression gate	2026-10-03T17:19:14.1654370Z Test Suite 'DistributionContainerizationAssetSecurityTests' passed at 2026-10-03 13:14:49.848.
Build, sign, notarize, and verify	Run repository regression gate	2026-10-03T17:19:14.1654650Z 	 Executed 8 tests, with 0 failures (0 unexpected) in 0.013 (0.014) seconds
Build, sign, notarize, and verify	Run repository regression gate	2026-10-03T18:15:19.2474740Z Test Suite 'TrustedReleaseTests' started at 2026-10-03 14:15:15.238.
Build, sign, notarize, and verify	Run repository regression gate	2026-10-03T18:15:19.2475130Z Test Case '-[HostwrightDistributionTests.TrustedReleaseTests testArchiveNotaryTicketsAcceptRecordedDesktopBundleAndExecutable]' started.
Build, sign, notarize, and verify	Run repository regression gate	2026-10-03T18:15:19.2475700Z Test Case '-[HostwrightDistributionTests.TrustedReleaseTests testArchiveNotaryTicketsAcceptRecordedDesktopBundleAndExecutable]' passed (0.001 seconds).
Build, sign, notarize, and verify	Run repository regression gate	2026-10-03T18:15:19.2476260Z Test Case '-[HostwrightDistributionTests.TrustedReleaseTests testArchiveNotaryTicketsBindBundleToFinalDesktopExecutableHash]' started.
Build, sign, notarize, and verify	Run repository regression gate	2026-10-03T18:15:19.2476810Z Test Case '-[HostwrightDistributionTests.TrustedReleaseTests testArchiveNotaryTicketsBindBundleToFinalDesktopExecutableHash]' passed (0.001 seconds).
Build, sign, notarize, and verify	Run repository regression gate	2026-10-03T18:15:19.2477360Z Test Case '-[HostwrightDistributionTests.TrustedReleaseTests testArchiveNotaryTicketsRejectChangedRecordedDesktopInventory]' started.
Build, sign, notarize, and verify	Run repository regression gate	2026-10-03T18:15:19.2477940Z Test Case '-[HostwrightDistributionTests.TrustedReleaseTests testArchiveNotaryTicketsRejectChangedRecordedDesktopInventory]' passed (0.002 seconds).
Build, sign, notarize, and verify	Run repository regression gate	2026-10-03T18:15:19.2478910Z Test Case '-[HostwrightDistributionTests.TrustedReleaseTests testArchiveNotaryTicketsRequireEverySignedExecutableHash]' started.
Build, sign, notarize, and verify	Run repository regression gate	2026-10-03T18:15:19.2479440Z Test Case '-[HostwrightDistributionTests.TrustedReleaseTests testArchiveNotaryTicketsRequireEverySignedExecutableHash]' passed (0.000 seconds).
Build, sign, notarize, and verify	Run repository regression gate	2026-10-03T18:15:19.2479970Z Test Case '-[HostwrightDistributionTests.TrustedReleaseTests testCleanBuildArgumentsUseOneDeterministicReleaseContract]' started.
Build, sign, notarize, and verify	Run repository regression gate	2026-10-03T18:15:19.2480490Z Test Case '-[HostwrightDistributionTests.TrustedReleaseTests testCleanBuildArgumentsUseOneDeterministicReleaseContract]' passed (0.000 seconds).
Build, sign, notarize, and verify	Run repository regression gate	2026-10-03T18:15:19.2481030Z Test Case '-[HostwrightDistributionTests.TrustedReleaseTests testCleanBuildCommandEvidenceRecordsExactDeterministicInvocation]' started.
Build, sign, notarize, and verify	Run repository regression gate	2026-10-03T18:15:19.2481780Z Test Case '-[HostwrightDistributionTests.TrustedReleaseTests testCleanBuildCommandEvidenceRecordsExactDeterministicInvocation]' passed (0.000 seconds).
Build, sign, notarize, and verify	Run repository regression gate	2026-10-03T18:15:19.2482320Z Test Case '-[HostwrightDistributionTests.TrustedReleaseTests testCleanBuildDependencyInventoryUsesParsedSwiftPMGraph]' started.
Build, sign, notarize, and verify	Run repository regression gate	2026-10-03T18:15:19.2482840Z Test Case '-[HostwrightDistributionTests.TrustedReleaseTests testCleanBuildDependencyInventoryUsesParsedSwiftPMGraph]' passed (0.001 seconds).
Build, sign, notarize, and verify	Run repository regression gate	2026-10-03T18:15:19.2483360Z Test Case '-[HostwrightDistributionTests.TrustedReleaseTests testCleanBuildInventoryRequiresQualifiedSecurityRevisions]' started.
Build, sign, notarize, and verify	Run repository regression gate	2026-10-03T18:15:19.2483890Z Test Case '-[HostwrightDistributionTests.TrustedReleaseTests testCleanBuildInventoryRequiresQualifiedSecurityRevisions]' passed (0.002 seconds).
Build, sign, notarize, and verify	Run repository regression gate	2026-10-03T18:15:19.2484480Z Test Case '-[HostwrightDistributionTests.TrustedReleaseTests testCMSDecoderAuthenticatesPublicDetachedFixtureAndReadsActualSubjectKeyIdentifier]' started.
Build, sign, notarize, and verify	Run repository regression gate	2026-10-03T18:15:19.2485140Z Test Case '-[HostwrightDistributionTests.TrustedReleaseTests testCMSDecoderAuthenticatesPublicDetachedFixtureAndReadsActualSubjectKeyIdentifier]' passed (0.002 seconds).
Build, sign, notarize, and verify	Run repository regression gate	2026-10-03T18:15:19.2485770Z Test Case '-[HostwrightDistributionTests.TrustedReleaseTests testCMSDecoderRejectsEmbeddedContentForMatchingAndDifferentDetachedInput]' started.
Build, sign, notarize, and verify	Run repository regression gate	2026-10-03T18:15:19.2486500Z Test Case '-[HostwrightDistributionTests.TrustedReleaseTests testCMSDecoderRejectsEmbeddedContentForMatchingAndDifferentDetachedInput]' passed (0.000 seconds).
Build, sign, notarize, and verify	Run repository regression gate	2026-10-03T18:15:19.2487160Z Test Case '-[HostwrightDistributionTests.TrustedReleaseTests testCMSDecoderRejectsEmptyEmbeddedContentWithNonemptyDetachedInput]' started.
Build, sign, notarize, and verify	Run repository regression gate	2026-10-03T18:15:19.2487780Z Test Case '-[HostwrightDistributionTests.TrustedReleaseTests testCMSDecoderRejectsEmptyEmbeddedContentWithNonemptyDetachedInput]' passed (0.000 seconds).
Build, sign, notarize, and verify	Run repository regression gate	2026-10-03T18:15:19.2488390Z Test Case '-[HostwrightDistributionTests.TrustedReleaseTests testCMSDecoderRejectsTamperedDetachedContentDespiteUnchangedSignerCertificate]' started.
Build, sign, notarize, and verify	Run repository regression gate	2026-10-03T18:15:19.2489040Z Test Case '-[HostwrightDistributionTests.TrustedReleaseTests testCMSDecoderRejectsTamperedDetachedContentDespiteUnchangedSignerCertificate]' passed (0.000 seconds).
Build, sign, notarize, and verify	Run repository regression gate	2026-10-03T18:15:19.2489620Z Test Case '-[HostwrightDistributionTests.TrustedReleaseTests testCMSSignerInspectorRejectsMalformedAndEmptyInputs]' started.
Build, sign, notarize, and verify	Run repository regression gate	2026-10-03T18:15:19.2490130Z Test Case '-[HostwrightDistributionTests.TrustedReleaseTests testCMSSignerInspectorRejectsMalformedAndEmptyInputs]' passed (0.001 seconds).
Build, sign, notarize, and verify	Run repository regression gate	2026-10-03T18:15:19.2490660Z Test Case '-[HostwrightDistributionTests.TrustedReleaseTests testCMSSigningCertificateRejectsMissingAndAmbiguousIdentifiers]' started.
Build, sign, notarize, and verify	Run repository regression gate	2026-10-03T18:15:19.2491210Z Test Case '-[HostwrightDistributionTests.TrustedReleaseTests testCMSSigningCertificateRejectsMissingAndAmbiguousIdentifiers]' passed (0.000 seconds).
Build, sign, notarize, and verify	Run repository regression gate	2026-10-03T18:15:19.2491770Z Test Case '-[HostwrightDistributionTests.TrustedReleaseTests testCMSSigningCertificateRequiresExactFingerprintAndCommonName]' started.
Build, sign, notarize, and verify	Run repository regression gate	2026-10-03T18:15:19.2492330Z Test Case '-[HostwrightDistributionTests.TrustedReleaseTests testCMSSigningCertificateRequiresExactFingerprintAndCommonName]' passed (0.000 seconds).
Build, sign, notarize, and verify	Run repository regression gate	2026-10-03T18:15:19.2493040Z Test Case '-[HostwrightDistributionTests.TrustedReleaseTests testContainerizationHelperSigningUsesOnlyVirtualizationEntitlement]' started.
Build, sign, notarize, and verify	Run repository regression gate	2026-10-03T18:15:19.2493610Z Test Case '-[HostwrightDistributionTests.TrustedReleaseTests testContainerizationHelperSigningUsesOnlyVirtualizationEntitlement]' passed (0.000 seconds).
Build, sign, notarize, and verify	Run repository regression gate	2026-10-03T18:15:19.2494120Z Test Case '-[HostwrightDistributionTests.TrustedReleaseTests testCurrentSchemaRejectsEmptyDependencyInventory]' started.
Build, sign, notarize, and verify	Run repository regression gate	2026-10-03T18:15:19.2494600Z Test Case '-[HostwrightDistributionTests.TrustedReleaseTests testCurrentSchemaRejectsEmptyDependencyInventory]' passed (0.001 seconds).
Build, sign, notarize, and verify	Run repository regression gate	2026-10-03T18:15:19.2495130Z Test Case '-[HostwrightDistributionTests.TrustedReleaseTests testDeveloperIDParserSelectsOnlyExactApplicationAndInstallerIdentities]' started.
Build, sign, notarize, and verify	Run repository regression gate	2026-10-03T18:15:19.2495790Z Test Case '-[HostwrightDistributionTests.TrustedReleaseTests testDeveloperIDParserSelectsOnlyExactApplicationAndInstallerIdentities]' passed (0.001 seconds).
Build, sign, notarize, and verify	Run repository regression gate	2026-10-03T18:15:19.2496310Z Test Case '-[HostwrightDistributionTests.TrustedReleaseTests testDistributionHashHonorsPreCancellation]' started.
Build, sign, notarize, and verify	Run repository regression gate	2026-10-03T18:15:19.2496760Z Test Case '-[HostwrightDistributionTests.TrustedReleaseTests testDistributionHashHonorsPreCancellation]' passed (0.000 seconds).
Build, sign, notarize, and verify	Run repository regression gate	2026-10-03T18:15:19.2497250Z Test Case '-[HostwrightDistributionTests.TrustedReleaseTests testDistributionRunnerRestrictsDeterministicSwiftEnvironment]' started.
Build, sign, notarize, and verify	Run repository regression gate	2026-10-03T18:15:19.2497780Z Test Case '-[HostwrightDistributionTests.TrustedReleaseTests testDistributionRunnerRestrictsDeterministicSwiftEnvironment]' passed (0.192 seconds).
Build, sign, notarize, and verify	Run repository regression gate	2026-10-03T18:15:19.2498430Z Test Case '-[HostwrightDistributionTests.TrustedReleaseTests testHomebrewFormulaUsesImmutableArtifactAndCompleteInstalledSurface]' started.
Build, sign, notarize, and verify	Run repository regression gate	2026-10-03T18:15:19.2499020Z Test Case '-[HostwrightDistributionTests.TrustedReleaseTests testHomebrewFormulaUsesImmutableArtifactAndCompleteInstalledSurface]' passed (0.002 seconds).
Build, sign, notarize, and verify	Run repository regression gate	2026-10-03T18:15:19.2499590Z Test Case '-[HostwrightDistributionTests.TrustedReleaseTests testNotarytoolLogParserRejectsIncompleteOrMismatchedArchiveTickets]' started.
Build, sign, notarize, and verify	Run repository regression gate	2026-10-03T18:15:19.2500150Z Test Case '-[HostwrightDistributionTests.TrustedReleaseTests testNotarytoolLogParserRejectsIncompleteOrMismatchedArchiveTickets]' passed (0.000 seconds).
Build, sign, notarize, and verify	Run repository regression gate	2026-10-03T18:15:19.2500690Z Test Case '-[HostwrightDistributionTests.TrustedReleaseTests testNotarytoolLogParserRequiresExactArchiveTicketContents]' started.
Build, sign, notarize, and verify	Run repository regression gate	2026-10-03T18:15:19.2501210Z Test Case '-[HostwrightDistributionTests.TrustedReleaseTests testNotarytoolLogParserRequiresExactArchiveTicketContents]' passed (0.000 seconds).
Build, sign, notarize, and verify	Run repository regression gate	2026-10-03T18:15:19.2501710Z Test Case '-[HostwrightDistributionTests.TrustedReleaseTests testNotarytoolParserRequiresAcceptedUUIDBoundJSON]' started.
Build, sign, notarize, and verify	Run repository regression gate	2026-10-03T18:15:19.2502200Z Test Case '-[HostwrightDistributionTests.TrustedReleaseTests testNotarytoolParserRequiresAcceptedUUIDBoundJSON]' passed (0.000 seconds).
Build, sign, notarize, and verify	Run repository regression gate	2026-10-03T18:15:19.2502710Z Test Case '-[HostwrightDistributionTests.TrustedReleaseTests testPreCancelledTrustedReleaseCreatesNoOutputAndReadsNoIdentity]' started.
Build, sign, notarize, and verify	Run repository regression gate	2026-10-03T18:15:19.2503280Z Test Case '-[HostwrightDistributionTests.TrustedReleaseTests testPreCancelledTrustedReleaseCreatesNoOutputAndReadsNoIdentity]' passed (0.000 seconds).
Build, sign, notarize, and verify	Run repository regression gate	2026-10-03T18:15:19.2503800Z Test Case '-[HostwrightDistributionTests.TrustedReleaseTests testPublishedPhaseTwoReleaseSchemaRemainsVerifiable]' started.
Build, sign, notarize, and verify	Run repository regression gate	2026-10-03T18:15:19.2504290Z Test Case '-[HostwrightDistributionTests.TrustedReleaseTests testPublishedPhaseTwoReleaseSchemaRemainsVerifiable]' passed (0.001 seconds).
Build, sign, notarize, and verify	Run repository regression gate	2026-10-03T18:15:19.2504810Z Test Case '-[HostwrightDistributionTests.TrustedReleaseTests testPublishedSchemaOneEmptyDependencyInventoryRemainsVerifiable]' started.
Build, sign, notarize, and verify	Run repository regression gate	2026-10-03T18:15:19.2505380Z Test Case '-[HostwrightDistributionTests.TrustedReleaseTests testPublishedSchemaOneEmptyDependencyInventoryRemainsVerifiable]' passed (0.001 seconds).
Build, sign, notarize, and verify	Run repository regression gate	2026-10-03T18:15:19.2506170Z Test Case '-[HostwrightDistributionTests.TrustedReleaseTests testRenderedHomebrewFormulaPassesRealRubyAndHomebrewStyle]' started.
Build, sign, notarize, and verify	Run repository regression gate	2026-10-03T18:15:19.2507030Z Test Case '-[HostwrightDistributionTests.TrustedReleaseTests testRenderedHomebrewFormulaPassesRealRubyAndHomebrewStyle]' passed (3.769 seconds).
Build, sign, notarize, and verify	Run repository regression gate	2026-10-03T18:15:19.2507570Z Test Case '-[HostwrightDistributionTests.TrustedReleaseTests testReproducibilityMismatchNamesSortedDifferingPayloadPaths]' started.
Build, sign, notarize, and verify	Run repository regression gate	2026-10-03T18:15:19.2508100Z Test Case '-[HostwrightDistributionTests.TrustedReleaseTests testReproducibilityMismatchNamesSortedDifferingPayloadPaths]' passed (0.000 seconds).
Build, sign, notarize, and verify	Run repository regression gate	2026-10-03T18:15:19.2508680Z Test Case '-[HostwrightDistributionTests.TrustedReleaseTests testRevisionOnlyProvenanceKeepsExactCommitAndRejectsMissingOrDuplicateIdentity]' started.
Build, sign, notarize, and verify	Run repository regression gate	2026-10-03T18:15:19.2509430Z Test Case '-[HostwrightDistributionTests.TrustedReleaseTests testRevisionOnlyProvenanceKeepsExactCommitAndRejectsMissingOrDuplicateIdentity]' passed (0.000 seconds).
Build, sign, notarize, and verify	Run repository regression gate	2026-10-03T18:15:19.2510000Z Test Case '-[HostwrightDistributionTests.TrustedReleaseTests testStructuredReleaseOutputsAndRetentionPolicyAreStable]' started.
Build, sign, notarize, and verify	Run repository regression gate	2026-10-03T18:15:19.2510510Z Test Case '-[HostwrightDistributionTests.TrustedReleaseTests testStructuredReleaseOutputsAndRetentionPolicyAreStable]' passed (0.011 seconds).
Build, sign, notarize, and verify	Run repository regression gate	2026-10-03T18:15:19.2511020Z Test Case '-[HostwrightDistributionTests.TrustedReleaseTests testTrustedManifestAndProvenanceBindEveryPublishedArtifact]' started.
Build, sign, notarize, and verify	Run repository regression gate	2026-10-03T18:15:19.2511550Z Test Case '-[HostwrightDistributionTests.TrustedReleaseTests testTrustedManifestAndProvenanceBindEveryPublishedArtifact]' passed (0.005 seconds).
Build, sign, notarize, and verify	Run repository regression gate	2026-10-03T18:15:19.2512090Z Test Case '-[HostwrightDistributionTests.TrustedReleaseTests testTrustedReleaseRequestRejectsSecretsAndMutableIdentifiersBeforeIO]' started.
Build, sign, notarize, and verify	Run repository regression gate	2026-10-03T18:15:19.2512950Z Test Case '-[HostwrightDistributionTests.TrustedReleaseTests testTrustedReleaseRequestRejectsSecretsAndMutableIdentifiersBeforeIO]' passed (0.000 seconds).
Build, sign, notarize, and verify	Run repository regression gate	2026-10-03T18:15:19.2513580Z Test Case '-[HostwrightDistributionTests.TrustedReleaseTests testTrustedReleaseRequiresMatchingActualToolVersionsFromBothCleanBuilds]' started.
Build, sign, notarize, and verify	Run repository regression gate	2026-10-03T18:15:19.2514190Z Test Case '-[HostwrightDistributionTests.TrustedReleaseTests testTrustedReleaseRequiresMatchingActualToolVersionsFromBothCleanBuilds]' passed (0.000 seconds).
Build, sign, notarize, and verify	Run repository regression gate	2026-10-03T18:15:19.2514750Z Test Case '-[HostwrightDistributionTests.TrustedReleaseTests testTrustedSPDXInventoriesArchiveAndPackageWithLicense]' started.
Build, sign, notarize, and verify	Run repository regression gate	2026-10-03T18:15:19.2515270Z Test Case '-[HostwrightDistributionTests.TrustedReleaseTests testTrustedSPDXInventoriesArchiveAndPackageWithLicense]' passed (0.001 seconds).
Build, sign, notarize, and verify	Run repository regression gate	2026-10-03T18:15:19.2515790Z Test Case '-[HostwrightDistributionTests.TrustedReleaseTests testVerifierRejectsUntrustedTeamAndMissingReleaseInventory]' started.
Build, sign, notarize, and verify	Run repository regression gate	2026-10-03T18:15:19.2516340Z Test Case '-[HostwrightDistributionTests.TrustedReleaseTests testVerifierRejectsUntrustedTeamAndMissingReleaseInventory]' passed (0.005 seconds).
Build, sign, notarize, and verify	Run repository regression gate	2026-10-03T18:15:19.2516720Z Test Suite 'TrustedReleaseTests' passed at 2026-10-03 14:15:19.243.
Build, sign, notarize, and verify	Run repository regression gate	2026-10-03T18:15:19.2516960Z 	 Executed 36 tests, with 0 failures (0 unexpected) in 4.001 (4.004) seconds
